// Jest Snapshot v1, https://goo.gl/fbAQLP

exports[`LessonsList should match snapshot 1`] = `
<v-container-stub tag="div" grid-list-md="" text-xs-center="">
  <!---->
  <v-layout-stub tag="div" row="">
    <v-flex-stub tag="div" xs12="" sm6="" offset-sm3="">
      <v-card-stub tag="div">
        <v-list-stub twoline="true"></v-list-stub>
      </v-card-stub>
    </v-flex-stub>
  </v-layout-stub>
</v-container-stub>
`;
