// Jest Snapshot v1, https://goo.gl/fbAQLP

exports[`UserInfo should match snapshot 1`] = `
<v-container-stub tag="div" grid-list-md="" text-xs-center="">
  <!---->
  <div>
    <zrpagetitle-stub></zrpagetitle-stub>
    <div class="font-weight-thin title text-lg-center mb-2 text-uppercase"></div>
  </div>
</v-container-stub>
`;
